// Jest Snapshot v1, https://goo.gl/fbAQLP

exports[`Scoreboard/PlayerDetail compare to the last snapshot 1`] = `
<Provider
  store={
    Object {
      "dispatch": [MockFunction],
      "getState": [Function],
      "replaceReducer": [Function],
      "subscribe": [Function],
      Symbol(observable): [Function],
    }
  }
>
  <PlayerDetail>
    <div
      className="player-detail"
    >
      <p>
        *Click on a player to see more details.
      </p>
    </div>
  </PlayerDetail>
</Provider>
`;
