// Jest Snapshot v1, https://goo.gl/fbAQLP

exports[`App compare to the last snapshot 1`] = `
<App>
  <div>
    <h1>
      React-Redux-TypeScript-Sass boilerplate
    </h1>
  </div>
</App>
`;
