// Jest Snapshot v1, https://goo.gl/fbAQLP

exports[`Scoreboard/Stats compare to the last snapshot 1`] = `
<Provider
  store={
    Object {
      "dispatch": [Function],
      "getState": [Function],
      "replaceReducer": [Function],
      "subscribe": [Function],
      Symbol(observable): [Function],
    }
  }
>
  <Stats
    playerCount={2}
    scoreCount={14}
  >
    <table
      className="stats"
    >
      <tbody>
        <tr>
          <td>
            Players:
          </td>
          <td>
            2
          </td>
        </tr>
        <tr>
          <td>
            Total Points:
          </td>
          <td>
            14
          </td>
        </tr>
      </tbody>
    </table>
  </Stats>
</Provider>
`;
