// Jest Snapshot v1, https://goo.gl/fbAQLP

exports[`Scoreboard/PlayerDetail compare to the last snapshot 1`] = `
<PlayerDetail>
  <div
    className="player-detail"
  >
    <p>
      *Click on a player to see more details.
    </p>
  </div>
</PlayerDetail>
`;
