// Jest Snapshot v1, https://goo.gl/fbAQLP

exports[`Scoreboard/Stopwatch compare to the last snapshot 1`] = `
<Stopwatch>
  <div
    className="stopwatch"
  >
    <h2>
      Stopwatch
    </h2>
    <div
      className="stopwatch-time"
    >
      00:00.00
    </div>
    <button
      onClick={[Function]}
    >
      Start
    </button>
    <button
      onClick={[Function]}
    >
      Reset
    </button>
  </div>
</Stopwatch>
`;
