// Jest Snapshot v1, https://goo.gl/fbAQLP

exports[`NotFound compare to the last snapshot 1`] = `
<BrowserRouter>
  <Router
    history={
      Object {
        "action": "POP",
        "block": [Function],
        "createHref": [Function],
        "go": [Function],
        "goBack": [Function],
        "goForward": [Function],
        "length": 1,
        "listen": [Function],
        "location": Object {
          "hash": "",
          "pathname": "/",
          "search": "",
          "state": undefined,
        },
        "push": [Function],
        "replace": [Function],
      }
    }
  >
    <NotFound>
      <div
        className="not-found"
      >
        <h1>
          Error 404
        </h1>
        <p>
          Not Found
        </p>
      </div>
    </NotFound>
  </Router>
</BrowserRouter>
`;
